exports[`test renders expected text 1`] = `null`;
