exports[`basic tests renders component with text 1`] = `null`;
